0 verbose cli /usr/local/bin/node /usr/local/bin/npm
1 info using npm@11.11.0
2 info using node@v22.22.0
3 silly config load:file:/usr/local/lib/node_modules/npm/npmrc
4 silly config load:file:/home/container/.npmrc
5 silly config load:file:/usr/local/etc/npmrc
6 verbose title npm install discord.js dotenv jimp@0.16.1 discord-html-transcripts
7 verbose argv "install" "discord.js" "dotenv" "jimp@0.16.1" "discord-html-transcripts"
8 verbose logfile logs-max:10 dir:/home/container/.npm/_logs/2026-03-05T15_22_20_372Z-
9 verbose logfile /home/container/.npm/_logs/2026-03-05T15_22_20_372Z-debug-0.log
10 silly logfile start cleaning logs, removing 1 files
11 silly packumentCache heap:642252800 maxSize:160563200 maxEntrySize:80281600
12 silly logfile done cleaning log files
13 silly idealTree buildDeps
14 silly fetch manifest discord-html-transcripts@^3.2.0
15 silly packumentCache full:https://registry.npmjs.org/discord-html-transcripts cache-miss
16 http fetch GET 200 https://registry.npmjs.org/npm 1002ms
17 http fetch GET 200 https://registry.npmjs.org/discord-html-transcripts 1360ms (cache revalidated)
18 silly packumentCache full:https://registry.npmjs.org/discord-html-transcripts set size:116479 disposed:false
19 silly fetch manifest discord.js@^14.25.1
20 silly packumentCache full:https://registry.npmjs.org/discord.js cache-miss
21 http fetch GET 200 https://registry.npmjs.org/discord.js 836ms (cache updated)
22 silly packumentCache full:https://registry.npmjs.org/discord.js set size:undefined disposed:false
23 silly fetch manifest dotenv@^16.6.1
24 silly packumentCache full:https://registry.npmjs.org/dotenv cache-miss
25 http fetch GET 200 https://registry.npmjs.org/dotenv 100ms (cache revalidated)
26 silly packumentCache full:https://registry.npmjs.org/dotenv set size:270065 disposed:false
27 silly fetch manifest jimp@0.16.1
28 silly packumentCache full:https://registry.npmjs.org/jimp cache-miss
29 http fetch GET 200 https://registry.npmjs.org/jimp 100ms (cache revalidated)
30 silly packumentCache full:https://registry.npmjs.org/jimp set size:1192935 disposed:false
31 silly placeDep ROOT discord-html-transcripts@3.2.0 REPLACE for: kenzai-bot@1.0.0 want: ^3.2.0
32 silly placeDep ROOT discord.js@14.25.1 REPLACE for: kenzai-bot@1.0.0 want: ^14.25.1
33 silly placeDep ROOT dotenv@16.6.1 REPLACE for: kenzai-bot@1.0.0 want: ^16.6.1
34 silly placeDep ROOT jimp@0.16.1 REPLACE for: kenzai-bot@1.0.0 want: 0.16.1
35 silly reify moves {}
36 silly audit bulk request {
36 silly audit   '@babel/runtime': [ '7.28.4' ],
36 silly audit   '@derockdev/discord-components-core': [ '3.6.1' ],
36 silly audit   '@derockdev/discord-components-react': [ '3.6.1' ],
36 silly audit   '@discordjs/builders': [ '1.13.0' ],
36 silly audit   '@discordjs/collection': [ '1.5.3', '2.1.1' ],
36 silly audit   '@discordjs/formatters': [ '0.6.2' ],
36 silly audit   '@discordjs/rest': [ '2.6.0' ],
36 silly audit   '@discordjs/util': [ '1.2.0' ],
36 silly audit   '@discordjs/ws': [ '1.2.3' ],
36 silly audit   '@emnapi/runtime': [ '1.5.0' ],
36 silly audit   '@fastify/busboy': [ '2.1.1' ],
36 silly audit   '@img/sharp-darwin-arm64': [ '0.33.5' ],
36 silly audit   '@img/sharp-darwin-x64': [ '0.33.5' ],
36 silly audit   '@img/sharp-libvips-darwin-arm64': [ '1.0.4' ],
36 silly audit   '@img/sharp-libvips-darwin-x64': [ '1.0.4' ],
36 silly audit   '@img/sharp-libvips-linux-arm': [ '1.0.5' ],
36 silly audit   '@img/sharp-libvips-linux-arm64': [ '1.0.4' ],
36 silly audit   '@img/sharp-libvips-linux-s390x': [ '1.0.4' ],
36 silly audit   '@img/sharp-libvips-linux-x64': [ '1.0.4' ],
36 silly audit   '@img/sharp-libvips-linuxmusl-arm64': [ '1.0.4' ],
36 silly audit   '@img/sharp-libvips-linuxmusl-x64': [ '1.0.4' ],
36 silly audit   '@img/sharp-linux-arm': [ '0.33.5' ],
36 silly audit   '@img/sharp-linux-arm64': [ '0.33.5' ],
36 silly audit   '@img/sharp-linux-s390x': [ '0.33.5' ],
36 silly audit   '@img/sharp-linux-x64': [ '0.33.5' ],
36 silly audit   '@img/sharp-linuxmusl-arm64': [ '0.33.5' ],
36 silly audit   '@img/sharp-linuxmusl-x64': [ '0.33.5' ],
36 silly audit   '@img/sharp-wasm32': [ '0.33.5' ],
36 silly audit   '@img/sharp-win32-ia32': [ '0.33.5' ],
36 silly audit   '@img/sharp-win32-x64': [ '0.33.5' ],
36 silly audit   '@jimp/bmp': [ '0.22.12', '0.16.13' ],
36 silly audit   '@jimp/core': [ '0.22.12', '0.16.13' ],
36 silly audit   '@jimp/custom': [ '0.22.12', '0.16.13' ],
36 silly audit   '@jimp/gif': [ '0.22.12', '0.16.13' ],
36 silly audit   '@jimp/jpeg': [ '0.22.12', '0.16.13' ],
36 silly audit   '@jimp/plugin-blit': [ '0.16.13' ],
36 silly audit   '@jimp/utils': [ '0.16.13', '0.22.12' ],
36 silly audit   '@jimp/plugin-blur': [ '0.16.13' ],
36 silly audit   '@jimp/plugin-circle': [ '0.16.13' ],
36 silly audit   '@jimp/plugin-color': [ '0.16.13' ],
36 silly audit   '@jimp/plugin-contain': [ '0.16.13' ],
36 silly audit   '@jimp/plugin-cover': [ '0.16.13' ],
36 silly audit   '@jimp/plugin-crop': [ '0.16.13' ],
36 silly audit   '@jimp/plugin-displace': [ '0.16.13' ],
36 silly audit   '@jimp/plugin-dither': [ '0.16.13' ],
36 silly audit   '@jimp/plugin-fisheye': [ '0.16.13' ],
36 silly audit   '@jimp/plugin-flip': [ '0.16.13' ],
36 silly audit   '@jimp/plugin-gaussian': [ '0.16.13' ],
36 silly audit   '@jimp/plugin-invert': [ '0.16.13' ],
36 silly audit   '@jimp/plugin-mask': [ '0.16.13' ],
36 silly audit   '@jimp/plugin-normalize': [ '0.16.13' ],
36 silly audit   '@jimp/plugin-print': [ '0.16.13' ],
36 silly audit   '@jimp/plugin-resize': [ '0.22.12', '0.16.13' ],
36 silly audit   '@jimp/plugin-rotate': [ '0.16.13' ],
36 silly audit   '@jimp/plugin-scale': [ '0.16.13' ],
36 silly audit   '@jimp/plugin-shadow': [ '0.16.13' ],
36 silly audit   '@jimp/plugin-threshold': [ '0.16.13' ],
36 silly audit   '@jimp/plugins': [ '0.16.13' ],
36 silly audit   '@jimp/png': [ '0.22.12', '0.16.13' ],
36 silly audit   '@jimp/tiff': [ '0.22.12', '0.16.13' ],
36 silly audit   '@jimp/types': [ '0.22.12', '0.16.13' ],
36 silly audit   '@sapphire/async-queue': [ '1.5.5' ],
36 silly audit   '@sapphire/shapeshift': [ '4.0.0' ],
36 silly audit   '@sapphire/snowflake': [ '3.5.3' ],
36 silly audit   '@stencil/core': [ '3.4.2' ],
36 silly audit   '@tokenizer/token': [ '0.3.0' ],
36 silly audit   '@types/node': [ '24.3.2', '16.9.1', '18.19.124' ],
36 silly audit   '@types/react': [ '19.1.13' ],
36 silly audit   '@types/ws': [ '8.18.1' ],
36 silly audit   '@vibrant/color': [ '4.0.0' ],
36 silly audit   '@vibrant/core': [ '4.0.0' ],
36 silly audit   '@vibrant/generator': [ '4.0.0' ],
36 silly audit   '@vibrant/generator-default': [ '4.0.3' ],
36 silly audit   '@vibrant/image': [ '4.0.0' ],
36 silly audit   '@vibrant/image-browser': [ '4.0.0' ],
36 silly audit   '@vibrant/image-node': [ '4.0.0' ],
36 silly audit   '@vibrant/quantizer': [ '4.0.0' ],
36 silly audit   '@vibrant/quantizer-mmcq': [ '4.0.0' ],
36 silly audit   '@vibrant/types': [ '4.0.0' ],
36 silly audit   '@vibrant/worker': [ '4.0.0' ],
36 silly audit   '@vladfrangu/async_event_emitter': [ '2.4.6' ],
36 silly audit   'abort-controller': [ '3.0.0' ],
36 silly audit   'any-base': [ '1.1.0' ],
36 silly audit   'base64-js': [ '1.5.1' ],
36 silly audit   'bmp-js': [ '0.1.0' ],
36 silly audit   buffer: [ '5.7.1', '6.0.3' ],
36 silly audit   'buffer-equal': [ '0.0.1' ],
36 silly audit   centra: [ '2.7.0' ],
36 silly audit   clsx: [ '1.2.1' ],
36 silly audit   color: [ '4.2.3' ],
36 silly audit   'color-convert': [ '2.0.1' ],
36 silly audit   'color-name': [ '1.1.4' ],
36 silly audit   'color-string': [ '1.9.1' ],
36 silly audit   csstype: [ '3.1.3' ],
36 silly audit   'detect-libc': [ '2.0.4' ],
36 silly audit   'discord-api-types': [ '0.38.34' ],
36 silly audit   undici: [ '6.21.3', '5.29.0' ],
36 silly audit   'discord-markdown-parser': [ '1.1.0' ],
36 silly audit   'dom-walk': [ '0.1.2' ],
36 silly audit   'event-target-shim': [ '5.0.1' ],
36 silly audit   events: [ '3.3.0' ],
36 silly audit   'exif-parser': [ '0.1.12' ],
36 silly audit   'fast-average-color': [ '9.5.0' ],
36 silly audit   'fast-average-color-node': [ '3.1.0' ],
36 silly audit   'fast-deep-equal': [ '3.1.3' ],
36 silly audit   'file-type': [ '16.5.4' ],
36 silly audit   'follow-redirects': [ '1.15.11' ],
36 silly audit   'fs-extra': [ '8.1.0' ],
36 silly audit   jsonfile: [ '4.0.0', '5.0.0' ],
36 silly audit   gifwrap: [ '0.10.1', '0.9.4' ],
36 silly audit   global: [ '4.4.0' ],
36 silly audit   'graceful-fs': [ '4.2.11' ],
36 silly audit   'hex-to-rgba': [ '2.0.1' ],
36 silly audit   'highlight.js': [ '11.11.1' ],
36 silly audit   ieee754: [ '1.2.1' ],
36 silly audit   'image-q': [ '4.0.0' ],
36 silly audit   'is-arrayish': [ '0.3.2' ],
36 silly audit   'is-function': [ '1.0.2' ],
36 silly audit   'isomorphic-fetch': [ '3.0.0' ],
36 silly audit   phin: [ '3.7.1', '2.9.3' ],
36 silly audit   pngjs: [ '3.4.0', '6.0.0' ],
36 silly audit   'jpeg-js': [ '0.4.4' ],
36 silly audit   'js-tokens': [ '4.0.0' ],
36 silly audit   'load-bmfont': [ '1.4.2' ],
36 silly audit   lodash: [ '4.17.21' ],
36 silly audit   'lodash.snakecase': [ '4.1.1' ],
36 silly audit   'loose-envify': [ '1.4.0' ],
36 silly audit   'magic-bytes.js': [ '1.12.1' ],
36 silly audit   mime: [ '1.6.0' ],
36 silly audit   'min-document': [ '2.19.0' ],
36 silly audit   minimist: [ '1.2.8' ],
36 silly audit   mkdirp: [ '0.5.6' ],
36 silly audit   'node-fetch': [ '2.7.0' ],
36 silly audit   'node-vibrant': [ '4.0.3' ],
36 silly audit   'undici-types': [ '5.26.5', '7.10.0' ],
36 silly audit   omggif: [ '1.0.10' ],
36 silly audit   pako: [ '1.0.11' ],
36 silly audit   'parse-bmfont-ascii': [ '1.0.6' ],
36 silly audit   'parse-bmfont-binary': [ '1.0.6' ],
36 silly audit   'parse-bmfont-xml': [ '1.1.6' ],
36 silly audit   'parse-headers': [ '2.0.6' ],
36 silly audit   'peek-readable': [ '4.1.0' ],
36 silly audit   pixelmatch: [ '4.0.2' ],
36 silly audit   process: [ '0.11.10' ],
36 silly audit   react: [ '18.3.1' ],
36 silly audit   'react-dom': [ '18.3.1' ],
36 silly audit   'readable-stream': [ '4.7.0' ],
36 silly audit   'readable-web-to-node-stream': [ '3.0.4' ],
36 silly audit   'regenerator-runtime': [ '0.13.11' ],
36 silly audit   'safe-buffer': [ '5.2.1' ],
36 silly audit   sax: [ '1.4.1' ],
36 silly audit   scheduler: [ '0.23.2' ],
36 silly audit   semver: [ '7.7.2' ],
36 silly audit   sharp: [ '0.33.5' ],
36 silly audit   'simple-markdown': [ '0.7.3' ],
36 silly audit   'simple-swizzle': [ '0.2.2' ],
36 silly audit   string_decoder: [ '1.3.0' ],
36 silly audit   strtok3: [ '6.3.0' ],
36 silly audit   timm: [ '1.7.1' ],
36 silly audit   tinycolor2: [ '1.6.0' ],
36 silly audit   'token-types': [ '4.2.1' ],
36 silly audit   tr46: [ '0.0.3' ],
36 silly audit   'ts-mixer': [ '6.0.4' ],
36 silly audit   tslib: [ '2.8.1' ],
36 silly audit   twemoji: [ '14.0.2' ],
36 silly audit   'twemoji-parser': [ '14.0.0' ],
36 silly audit   universalify: [ '0.1.2' ],
36 silly audit   utif: [ '2.0.1' ],
36 silly audit   utif2: [ '4.1.0' ],
36 silly audit   'webidl-conversions': [ '3.0.1' ],
36 silly audit   'whatwg-fetch': [ '3.6.20' ],
36 silly audit   'whatwg-url': [ '5.0.0' ],
36 silly audit   ws: [ '8.18.3' ],
36 silly audit   xhr: [ '2.6.0' ],
36 silly audit   'xml-parse-from-string': [ '1.0.1' ],
36 silly audit   xml2js: [ '0.5.0' ],
36 silly audit   xmlbuilder: [ '11.0.1' ],
36 silly audit   xtend: [ '4.0.2' ],
36 silly audit   'discord-html-transcripts': [ '3.2.0' ],
36 silly audit   'discord.js': [ '14.25.1' ],
36 silly audit   dotenv: [ '16.6.1' ],
36 silly audit   jimp: [ '0.16.1' ]
36 silly audit }
37 http fetch POST 200 https://registry.npmjs.org/-/npm/v1/security/advisories/bulk 403ms
38 silly audit report {
38 silly audit report   undici: [
38 silly audit report     {
38 silly audit report       id: 1112496,
38 silly audit report       url: 'https://github.com/advisories/GHSA-g9mf-h72j-4rw9',
38 silly audit report       title: 'Undici has an unbounded decompression chain in HTTP responses on Node.js Fetch API via Content-Encoding leads to resource exhaustion',
38 silly audit report       severity: 'moderate',
38 silly audit report       vulnerable_versions: '<6.23.0',
38 silly audit report       cwe: [Array],
38 silly audit report       cvss: [Object]
38 silly audit report     }
38 silly audit report   ],
38 silly audit report   phin: [
38 silly audit report     {
38 silly audit report       id: 1096967,
38 silly audit report       url: 'https://github.com/advisories/GHSA-x565-32qp-m3vf',
38 silly audit report       title: 'phin may include sensitive headers in subsequent requests after redirect',
38 silly audit report       severity: 'moderate',
38 silly audit report       vulnerable_versions: '<3.7.1',
38 silly audit report       cwe: [Array],
38 silly audit report       cvss: [Object]
38 silly audit report     }
38 silly audit report   ],
38 silly audit report   lodash: [
38 silly audit report     {
38 silly audit report       id: 1112455,
38 silly audit report       url: 'https://github.com/advisories/GHSA-xxjr-mmjv-4gpg',
38 silly audit report       title: 'Lodash has Prototype Pollution Vulnerability in `_.unset` and `_.omit` functions',
38 silly audit report       severity: 'moderate',
38 silly audit report       vulnerable_versions: '>=4.0.0 <=4.17.22',
38 silly audit report       cwe: [Array],
38 silly audit report       cvss: [Object]
38 silly audit report     }
38 silly audit report   ],
38 silly audit report   'min-document': [
38 silly audit report     {
38 silly audit report       id: 1109626,
38 silly audit report       url: 'https://github.com/advisories/GHSA-rx8g-88g5-qh64',
38 silly audit report       title: 'min-document vulnerable to prototype pollution',
38 silly audit report       severity: 'low',
38 silly audit report       vulnerable_versions: '<=2.19.0',
38 silly audit report       cwe: [Array],
38 silly audit report       cvss: [Object]
38 silly audit report     }
38 silly audit report   ]
38 silly audit report }
39 silly packumentCache corgi:https://registry.npmjs.org/undici cache-miss
40 silly packumentCache corgi:https://registry.npmjs.org/phin cache-miss
41 silly packumentCache corgi:https://registry.npmjs.org/lodash cache-miss
42 silly packumentCache corgi:https://registry.npmjs.org/min-document cache-miss
43 http fetch GET 200 https://registry.npmjs.org/phin 597ms (cache revalidated)
44 silly packumentCache corgi:https://registry.npmjs.org/phin set size:57382 disposed:false
45 http fetch GET 200 https://registry.npmjs.org/undici 598ms (cache revalidated)
46 silly packumentCache corgi:https://registry.npmjs.org/undici set size:409147 disposed:false
47 http fetch GET 200 https://registry.npmjs.org/min-document 615ms (cache revalidated)
48 silly packumentCache corgi:https://registry.npmjs.org/min-document set size:24206 disposed:false
49 http fetch GET 200 https://registry.npmjs.org/lodash 616ms (cache revalidated)
50 silly packumentCache corgi:https://registry.npmjs.org/lodash set size:68481 disposed:false
51 silly packumentCache corgi:https://registry.npmjs.org/@discordjs%2frest cache-miss
52 silly packumentCache corgi:https://registry.npmjs.org/discord.js cache-miss
53 silly packumentCache corgi:https://registry.npmjs.org/discord-html-transcripts cache-miss
54 http fetch GET 200 https://registry.npmjs.org/discord-html-transcripts 205ms (cache revalidated)
55 silly packumentCache corgi:https://registry.npmjs.org/discord-html-transcripts set size:64525 disposed:false
56 http fetch GET 200 https://registry.npmjs.org/discord.js 901ms (cache updated)
57 silly packumentCache corgi:https://registry.npmjs.org/discord.js set size:undefined disposed:false
58 http fetch GET 200 https://registry.npmjs.org/@discordjs%2frest 1705ms (cache updated)
59 silly packumentCache corgi:https://registry.npmjs.org/@discordjs%2frest set size:undefined disposed:false
60 silly packumentCache corgi:https://registry.npmjs.org/@jimp%2fcore cache-miss
61 http fetch GET 200 https://registry.npmjs.org/@jimp%2fcore 135ms (cache revalidated)
62 silly packumentCache corgi:https://registry.npmjs.org/@jimp%2fcore set size:402347 disposed:false
63 silly packumentCache corgi:https://registry.npmjs.org/@sapphire%2fshapeshift cache-miss
64 http fetch GET 200 https://registry.npmjs.org/@sapphire%2fshapeshift 116ms (cache revalidated)
65 silly packumentCache corgi:https://registry.npmjs.org/@sapphire%2fshapeshift set size:1051334 disposed:false
66 silly packumentCache corgi:https://registry.npmjs.org/global cache-miss
67 http fetch GET 200 https://registry.npmjs.org/global 71ms (cache revalidated)
68 silly packumentCache corgi:https://registry.npmjs.org/global set size:13361 disposed:false
69 silly packumentCache corgi:https://registry.npmjs.org/@discordjs%2fws cache-miss
70 http fetch GET 200 https://registry.npmjs.org/@discordjs%2fws 5999ms (cache updated)
71 silly packumentCache corgi:https://registry.npmjs.org/@discordjs%2fws set size:undefined disposed:false
72 silly packumentCache corgi:https://registry.npmjs.org/@jimp%2fcustom cache-miss
73 http fetch GET 200 https://registry.npmjs.org/@jimp%2fcustom 46ms (cache revalidated)
74 silly packumentCache corgi:https://registry.npmjs.org/@jimp%2fcustom set size:334779 disposed:false
75 silly packumentCache corgi:https://registry.npmjs.org/jimp cache-miss
76 silly packumentCache corgi:https://registry.npmjs.org/@jimp%2fbmp cache-miss
77 silly packumentCache corgi:https://registry.npmjs.org/@jimp%2fgif cache-miss
78 silly packumentCache corgi:https://registry.npmjs.org/@jimp%2fjpeg cache-miss
79 silly packumentCache corgi:https://registry.npmjs.org/@jimp%2fpng cache-miss
80 silly packumentCache corgi:https://registry.npmjs.org/@jimp%2ftiff cache-miss
81 silly packumentCache corgi:https://registry.npmjs.org/@jimp%2ftypes cache-miss
82 http fetch GET 200 https://registry.npmjs.org/@jimp%2fjpeg 202ms (cache revalidated)
83 silly packumentCache corgi:https://registry.npmjs.org/@jimp%2fjpeg set size:370853 disposed:false
84 http fetch GET 200 https://registry.npmjs.org/@jimp%2fbmp 205ms (cache revalidated)
85 silly packumentCache corgi:https://registry.npmjs.org/@jimp%2fbmp set size:369990 disposed:false
86 http fetch GET 200 https://registry.npmjs.org/@jimp%2ftypes 206ms (cache revalidated)
87 silly packumentCache corgi:https://registry.npmjs.org/@jimp%2ftypes set size:409592 disposed:false
88 http fetch GET 200 https://registry.npmjs.org/jimp 208ms (cache revalidated)
89 silly packumentCache corgi:https://registry.npmjs.org/jimp set size:573158 disposed:false
90 http fetch GET 200 https://registry.npmjs.org/@jimp%2ftiff 300ms (cache revalidated)
91 silly packumentCache corgi:https://registry.npmjs.org/@jimp%2ftiff set size:364060 disposed:false
92 http fetch GET 200 https://registry.npmjs.org/@jimp%2fgif 303ms (cache revalidated)
93 silly packumentCache corgi:https://registry.npmjs.org/@jimp%2fgif set size:346116 disposed:false
94 http fetch GET 200 https://registry.npmjs.org/@jimp%2fpng 303ms (cache revalidated)
95 silly packumentCache corgi:https://registry.npmjs.org/@jimp%2fpng set size:370878 disposed:false
96 verbose cwd /home/container
97 verbose os Linux 6.8.0-88-generic
98 verbose node v22.22.0
99 verbose npm  v11.11.0
100 verbose exit 0
101 info ok
